------------------------------------------------------------
TimeQuest Timing Analyzer Summary
------------------------------------------------------------

Type  : Slow 1200mV 85C Model Setup 'clock'
Slack : -1.059
TNS   : -7.761

Type  : Slow 1200mV 85C Model Setup 'mir8b:inst13|registrador:inst1|3'
Slack : -0.825
TNS   : -2.110

Type  : Slow 1200mV 85C Model Setup 'mir8b:inst13|registrador:inst1|4'
Slack : -0.622
TNS   : -0.622

Type  : Slow 1200mV 85C Model Setup 'mir8b:inst13|registrador:inst3|3'
Slack : -0.534
TNS   : -0.927

Type  : Slow 1200mV 85C Model Setup 'mir8b:inst13|registrador:inst2|4'
Slack : -0.434
TNS   : -0.474

Type  : Slow 1200mV 85C Model Setup 'mir8b:inst13|registrador:inst|4'
Slack : 0.057
TNS   : 0.000

Type  : Slow 1200mV 85C Model Setup 'mir8b:inst13|registrador:inst2|3'
Slack : 0.230
TNS   : 0.000

Type  : Slow 1200mV 85C Model Hold 'mir8b:inst13|registrador:inst3|3'
Slack : -0.065
TNS   : -0.065

Type  : Slow 1200mV 85C Model Hold 'mir8b:inst13|registrador:inst2|3'
Slack : 0.154
TNS   : 0.000

Type  : Slow 1200mV 85C Model Hold 'mir8b:inst13|registrador:inst|4'
Slack : 0.339
TNS   : 0.000

Type  : Slow 1200mV 85C Model Hold 'mir8b:inst13|registrador:inst2|4'
Slack : 0.380
TNS   : 0.000

Type  : Slow 1200mV 85C Model Hold 'clock'
Slack : 0.849
TNS   : 0.000

Type  : Slow 1200mV 85C Model Hold 'mir8b:inst13|registrador:inst1|3'
Slack : 0.980
TNS   : 0.000

Type  : Slow 1200mV 85C Model Hold 'mir8b:inst13|registrador:inst1|4'
Slack : 1.205
TNS   : 0.000

Type  : Slow 1200mV 85C Model Recovery 'mir8b:inst13|registrador:inst1|3'
Slack : -1.040
TNS   : -4.160

Type  : Slow 1200mV 85C Model Removal 'mir8b:inst13|registrador:inst1|3'
Slack : 1.525
TNS   : 0.000

Type  : Slow 1200mV 0C Model Setup 'clock'
Slack : -0.902
TNS   : -6.413

Type  : Slow 1200mV 0C Model Setup 'mir8b:inst13|registrador:inst1|3'
Slack : -0.639
TNS   : -1.583

Type  : Slow 1200mV 0C Model Setup 'mir8b:inst13|registrador:inst1|4'
Slack : -0.417
TNS   : -0.417

Type  : Slow 1200mV 0C Model Setup 'mir8b:inst13|registrador:inst3|3'
Slack : -0.391
TNS   : -0.660

Type  : Slow 1200mV 0C Model Setup 'mir8b:inst13|registrador:inst2|4'
Slack : -0.276
TNS   : -0.276

Type  : Slow 1200mV 0C Model Setup 'mir8b:inst13|registrador:inst|4'
Slack : 0.154
TNS   : 0.000

Type  : Slow 1200mV 0C Model Setup 'mir8b:inst13|registrador:inst2|3'
Slack : 0.337
TNS   : 0.000

Type  : Slow 1200mV 0C Model Hold 'mir8b:inst13|registrador:inst3|3'
Slack : -0.023
TNS   : -0.023

Type  : Slow 1200mV 0C Model Hold 'mir8b:inst13|registrador:inst2|3'
Slack : 0.126
TNS   : 0.000

Type  : Slow 1200mV 0C Model Hold 'mir8b:inst13|registrador:inst|4'
Slack : 0.310
TNS   : 0.000

Type  : Slow 1200mV 0C Model Hold 'mir8b:inst13|registrador:inst2|4'
Slack : 0.338
TNS   : 0.000

Type  : Slow 1200mV 0C Model Hold 'clock'
Slack : 0.804
TNS   : 0.000

Type  : Slow 1200mV 0C Model Hold 'mir8b:inst13|registrador:inst1|3'
Slack : 0.891
TNS   : 0.000

Type  : Slow 1200mV 0C Model Hold 'mir8b:inst13|registrador:inst1|4'
Slack : 1.055
TNS   : 0.000

Type  : Slow 1200mV 0C Model Recovery 'mir8b:inst13|registrador:inst1|3'
Slack : -0.900
TNS   : -3.600

Type  : Slow 1200mV 0C Model Removal 'mir8b:inst13|registrador:inst1|3'
Slack : 1.443
TNS   : 0.000

Type  : Fast 1200mV 0C Model Setup 'clock'
Slack : -0.665
TNS   : -4.448

Type  : Fast 1200mV 0C Model Setup 'mir8b:inst13|registrador:inst1|3'
Slack : -0.065
TNS   : -0.128

Type  : Fast 1200mV 0C Model Setup 'mir8b:inst13|registrador:inst1|4'
Slack : 0.081
TNS   : 0.000

Type  : Fast 1200mV 0C Model Setup 'mir8b:inst13|registrador:inst3|3'
Slack : 0.138
TNS   : 0.000

Type  : Fast 1200mV 0C Model Setup 'mir8b:inst13|registrador:inst2|4'
Slack : 0.221
TNS   : 0.000

Type  : Fast 1200mV 0C Model Setup 'mir8b:inst13|registrador:inst|4'
Slack : 0.496
TNS   : 0.000

Type  : Fast 1200mV 0C Model Setup 'mir8b:inst13|registrador:inst2|3'
Slack : 0.578
TNS   : 0.000

Type  : Fast 1200mV 0C Model Hold 'mir8b:inst13|registrador:inst3|3'
Slack : -0.109
TNS   : -0.169

Type  : Fast 1200mV 0C Model Hold 'mir8b:inst13|registrador:inst2|3'
Slack : -0.002
TNS   : -0.002

Type  : Fast 1200mV 0C Model Hold 'mir8b:inst13|registrador:inst|4'
Slack : 0.173
TNS   : 0.000

Type  : Fast 1200mV 0C Model Hold 'mir8b:inst13|registrador:inst2|4'
Slack : 0.199
TNS   : 0.000

Type  : Fast 1200mV 0C Model Hold 'clock'
Slack : 0.370
TNS   : 0.000

Type  : Fast 1200mV 0C Model Hold 'mir8b:inst13|registrador:inst1|3'
Slack : 0.541
TNS   : 0.000

Type  : Fast 1200mV 0C Model Hold 'mir8b:inst13|registrador:inst1|4'
Slack : 0.679
TNS   : 0.000

Type  : Fast 1200mV 0C Model Recovery 'mir8b:inst13|registrador:inst1|3'
Slack : -0.211
TNS   : -0.844

Type  : Fast 1200mV 0C Model Removal 'mir8b:inst13|registrador:inst1|3'
Slack : 0.888
TNS   : 0.000

------------------------------------------------------------
